[{"name":"MONDAY, MONDAY","Artists":[{"name":"The Mamas and the Papas","role":"performer","imdbID":"nm2135108","image":""},{"name":"John Phillips","role":"writer","imdbID":"nm0680512","image":""}]}]