[{"name":"Ave Maria","Artists":[{"name":"Franz Schubert","role":"writer","imdbID":"nm0006280","image":""},{"name":"Alex Cheung","role":"performer","imdbID":"nm5276214","image":""},{"name":"Peter Allen","role":"performer","imdbID":"nm0020906","image":""}]}]